// Jest Snapshot v1, https://goo.gl/fbAQLP

exports[`测试<WaterMark />快照 1. 匹配快照 1`] = `
<div
  className="App"
>
  <header
    className="App-header"
  >
    <p>
      hello world, welcome here
    </p>
  </header>
</div>
`;
